<html>
<body>
<pre>
<h1>µVision Build Log</h1>
<h2>Tool Versions:</h2>
IDE-Version: µVision V5.38.0.0
Copyright (C) 2022 ARM Ltd and ARM Germany GmbH. All rights reserved.
License Information: Nguyen Quang, HaUI, LIC=----
 
Tool Versions:
Toolchain:       MDK-Lite  Version: 5.38.0.0
Toolchain Path:  D:\Keil_v5\ARM\ARMCLANG\Bin
C Compiler:      ArmClang.exe V6.19
Assembler:       Armasm.exe V6.19
Linker/Locator:  ArmLink.exe V6.19
Library Manager: ArmAr.exe V6.19
Hex Converter:   FromElf.exe V6.19
CPU DLL:         SARMCM3.DLL V5.38.0.0
Dialog DLL:      DCM.DLL V1.17.5.0
Target DLL:      STLink\ST-LINKIII-KEIL_SWO.dll V3.1.0.0
Dialog DLL:      TCM.DLL V1.56.4.0
 
<h2>Project:</h2>
D:\Admin\Documents\Do_An\design-smart-door-using-STM32\password_door\password_door\MDK-ARM\password_door.uvprojx
Project File Date:  10/19/2023

<h2>Output:</h2>
*** Using Compiler 'V6.19', folder: 'D:\Keil_v5\ARM\ARMCLANG\Bin'
Build target 'password_door'
../Core/Src/main.c(128): warning: passing 'unsigned char[37]' to parameter of type 'const char *' converts between pointers to integer types where one is of the unique plain 'char' type and the other is not [-Wpointer-sign]
        HAL_UART_Transmit(&huart1,data,strlen(data),100);
                                              ^~~~
D:\Keil_v5\ARM\ARMCLANG\Bin\..\include\string.h(335): note: passing argument to parameter here
extern _ARMABI size_t strlen(const char * /*s*/) __attribute__((__nonnull__(1)));
                                               ^
../Core/Src/main.c(307): warning: passing 'unsigned char[21]' to parameter of type 'const char *' converts between pointers to integer types where one is of the unique plain 'char' type and the other is not [-Wpointer-sign]
                HAL_UART_Transmit(&huart1,doimk,strlen(doimk),100);
                                                       ^~~~~
D:\Keil_v5\ARM\ARMCLANG\Bin\..\include\string.h(335): note: passing argument to parameter here
extern _ARMABI size_t strlen(const char * /*s*/) __attribute__((__nonnull__(1)));
                                               ^
../Core/Src/main.c(368): warning: passing 'unsigned char[2]' to parameter of type 'const char *' converts between pointers to integer types where one is of the unique plain 'char' type and the other is not [-Wpointer-sign]
                        HAL_UART_Transmit(&huart1,display,strlen(display),100); // Hien thi '*' the hien dang nhap pass
                                                                 ^~~~~~~
D:\Keil_v5\ARM\ARMCLANG\Bin\..\include\string.h(335): note: passing argument to parameter here
extern _ARMABI size_t strlen(const char * /*s*/) __attribute__((__nonnull__(1)));
                                               ^
../Core/Src/main.c(389): warning: passing 'unsigned char[16]' to parameter of type 'const char *' converts between pointers to integer types where one is of the unique plain 'char' type and the other is not [-Wpointer-sign]
                                HAL_UART_Transmit(&huart1,no_pass,strlen(no_pass),100);// Hien thi sai mat khau
                                                                         ^~~~~~~
D:\Keil_v5\ARM\ARMCLANG\Bin\..\include\string.h(335): note: passing argument to parameter here
extern _ARMABI size_t strlen(const char * /*s*/) __attribute__((__nonnull__(1)));
                                               ^
../Core/Src/main.c(402): warning: passing 'unsigned char[37]' to parameter of type 'const char *' converts between pointers to integer types where one is of the unique plain 'char' type and the other is not [-Wpointer-sign]
                HAL_UART_Transmit(&huart1,data,strlen(data),100); // Hien thi mo cua
                                                      ^~~~
D:\Keil_v5\ARM\ARMCLANG\Bin\..\include\string.h(335): note: passing argument to parameter here
extern _ARMABI size_t strlen(const char * /*s*/) __attribute__((__nonnull__(1)));
                                               ^
../Core/Src/main.c(416): warning: passing 'unsigned char[32]' to parameter of type 'const char *' converts between pointers to integer types where one is of the unique plain 'char' type and the other is not [-Wpointer-sign]
                        HAL_UART_Transmit(&huart1,sos,strlen(sos),100);// Canh bao
                                                             ^~~
D:\Keil_v5\ARM\ARMCLANG\Bin\..\include\string.h(335): note: passing argument to parameter here
extern _ARMABI size_t strlen(const char * /*s*/) __attribute__((__nonnull__(1)));
                                               ^
../Core/Src/main.c(430): warning: passing 'unsigned char[24]' to parameter of type 'const char *' converts between pointers to integer types where one is of the unique plain 'char' type and the other is not [-Wpointer-sign]
                HAL_UART_Transmit(&huart1,doimk,strlen(doimk),100);
                                                       ^~~~~
D:\Keil_v5\ARM\ARMCLANG\Bin\..\include\string.h(335): note: passing argument to parameter here
extern _ARMABI size_t strlen(const char * /*s*/) __attribute__((__nonnull__(1)));
                                               ^
../Core/Src/main.c(464): warning: passing 'unsigned char[2]' to parameter of type 'const char *' converts between pointers to integer types where one is of the unique plain 'char' type and the other is not [-Wpointer-sign]
                        HAL_UART_Transmit(&huart1,display,strlen(display),100);
                                                                 ^~~~~~~
D:\Keil_v5\ARM\ARMCLANG\Bin\..\include\string.h(335): note: passing argument to parameter here
extern _ARMABI size_t strlen(const char * /*s*/) __attribute__((__nonnull__(1)));
                                               ^
../Core/Src/main.c(469): warning: passing 'unsigned char[24]' to parameter of type 'const char *' converts between pointers to integer types where one is of the unique plain 'char' type and the other is not [-Wpointer-sign]
                                HAL_UART_Transmit(&huart1,doimk,strlen(doimk),100);
                                                                       ^~~~~
D:\Keil_v5\ARM\ARMCLANG\Bin\..\include\string.h(335): note: passing argument to parameter here
extern _ARMABI size_t strlen(const char * /*s*/) __attribute__((__nonnull__(1)));
                                               ^
../Core/Src/main.c(478): warning: passing 'unsigned char[2]' to parameter of type 'const char *' converts between pointers to integer types where one is of the unique plain 'char' type and the other is not [-Wpointer-sign]
                        HAL_UART_Transmit(&huart1,display,strlen(display),100);
                                                                 ^~~~~~~
D:\Keil_v5\ARM\ARMCLANG\Bin\..\include\string.h(335): note: passing argument to parameter here
extern _ARMABI size_t strlen(const char * /*s*/) __attribute__((__nonnull__(1)));
                                               ^
../Core/Src/main.c(499): warning: passing 'unsigned char[24]' to parameter of type 'const char *' converts between pointers to integer types where one is of the unique plain 'char' type and the other is not [-Wpointer-sign]
                                HAL_UART_Transmit(&huart1,doimk,strlen(doimk),100);
                                                                       ^~~~~
D:\Keil_v5\ARM\ARMCLANG\Bin\..\include\string.h(335): note: passing argument to parameter here
extern _ARMABI size_t strlen(const char * /*s*/) __attribute__((__nonnull__(1)));
                                               ^
../Core/Src/main.c(505): warning: passing 'unsigned char[30]' to parameter of type 'const char *' converts between pointers to integer types where one is of the unique plain 'char' type and the other is not [-Wpointer-sign]
                                HAL_UART_Transmit(&huart1,doimk,strlen(doimk),100);
                                                                       ^~~~~
D:\Keil_v5\ARM\ARMCLANG\Bin\..\include\string.h(335): note: passing argument to parameter here
extern _ARMABI size_t strlen(const char * /*s*/) __attribute__((__nonnull__(1)));
                                               ^
12 warnings generated.
compiling main.c...
linking...
Program Size: Code=7060 RO-data=392 RW-data=60 ZI-data=1820  
FromELF: creating hex file...
"password_door\password_door.axf" - 0 Error(s), 12 Warning(s).

<h2>Software Packages used:</h2>

Package Vendor: ARM
                http://www.keil.com/pack/ARM.CMSIS.5.9.0.pack
                ARM.CMSIS.5.9.0
                CMSIS (Common Microcontroller Software Interface Standard)
   * Component: CORE Version: 5.6.0

Package Vendor: Keil
                http://www.keil.com/pack/Keil.STM32F1xx_DFP.2.4.0.pack
                Keil.STM32F1xx_DFP.2.4.0
                STMicroelectronics STM32F1 Series Device Support, Drivers and Examples

<h2>Collection of Component include folders:</h2>
  ./RTE/_password_door
  D:/Admin/AppData/Local/Arm/Packs/ARM/CMSIS/5.9.0/CMSIS/Core/Include
  D:/Admin/AppData/Local/Arm/Packs/Keil/STM32F1xx_DFP/2.4.0/Device/Include

<h2>Collection of Component Files used:</h2>

   * Component: ARM::CMSIS:CORE:5.6.0
      Include file:  CMSIS/Core/Include/tz_context.h
Build Time Elapsed:  00:00:01
</pre>
</body>
</html>
