<html>
<body>
<pre>
<h1>µVision Build Log</h1>
<h2>Tool Versions:</h2>
IDE-Version: µVision V5.38.0.0
Copyright (C) 2022 ARM Ltd and ARM Germany GmbH. All rights reserved.
License Information: Nguyen Quang, HaUI, LIC=----
 
Tool Versions:
Toolchain:       MDK-Lite  Version: 5.38.0.0
Toolchain Path:  D:\Keil_v5\ARM\ARMCLANG\Bin
C Compiler:      ArmClang.exe V6.19
Assembler:       Armasm.exe V6.19
Linker/Locator:  ArmLink.exe V6.19
Library Manager: ArmAr.exe V6.19
Hex Converter:   FromElf.exe V6.19
CPU DLL:         SARMCM3.DLL V5.38.0.0
Dialog DLL:      DCM.DLL V1.17.5.0
Target DLL:      STLink\ST-LINKIII-KEIL_SWO.dll V3.1.0.0
Dialog DLL:      TCM.DLL V1.56.4.0
 
<h2>Project:</h2>
D:\Admin\Documents\Do_An\design-smart-door-using-STM32\check_card_RFID\MDK-ARM\check_card_RFID.uvprojx
Project File Date:  11/03/2023

<h2>Output:</h2>
*** Using Compiler 'V6.19', folder: 'D:\Keil_v5\ARM\ARMCLANG\Bin'
Build target 'check_card_RFID'
../Core/Src/main.c(291): warning: passing 'char[16]' to parameter of type 'uint8_t *' (aka 'unsigned char *') converts between pointers to integer types where one is of the unique plain 'char' type and the other is not [-Wpointer-sign]
        status = MFRC522_Request(PICC_REQIDL, str);
                                              ^~~
../Core/Inc\rc522.h(124): note: passing argument to parameter 'TagType' here
uint8_t MFRC522_Request(uint8_t reqMode, uint8_t* TagType);
                                                  ^
../Core/Src/main.c(296): warning: passing 'char[16]' to parameter of type 'uint8_t *' (aka 'unsigned char *') converts between pointers to integer types where one is of the unique plain 'char' type and the other is not [-Wpointer-sign]
        status = MFRC522_Anticoll(str);
                                  ^~~
../Core/Inc\rc522.h(126): note: passing argument to parameter 'serNum' here
uint8_t MFRC522_Anticoll(uint8_t* serNum);
                                  ^
../Core/Src/main.c(304): warning: 'sprintf' will always overflow; destination buffer has size 10, but format string expands to at least 12 [-Wfortify-source]
                sprintf(buff_uID, "%02X-%02X-%02X-%02X", serNum[0],serNum[1],serNum[2],serNum[3]);
                ^
3 warnings generated.
compiling main.c...
linking...
Program Size: Code=10474 RO-data=370 RW-data=16 ZI-data=1840  
FromELF: creating hex file...
"check_card_RFID\check_card_RFID.axf" - 0 Error(s), 3 Warning(s).

<h2>Software Packages used:</h2>

Package Vendor: ARM
                http://www.keil.com/pack/ARM.CMSIS.5.9.0.pack
                ARM.CMSIS.5.9.0
                CMSIS (Common Microcontroller Software Interface Standard)
   * Component: CORE Version: 5.6.0

Package Vendor: Keil
                http://www.keil.com/pack/Keil.STM32F1xx_DFP.2.4.0.pack
                Keil.STM32F1xx_DFP.2.4.0
                STMicroelectronics STM32F1 Series Device Support, Drivers and Examples

<h2>Collection of Component include folders:</h2>
  ./RTE/_check_card_RFID
  D:/Admin/AppData/Local/Arm/Packs/ARM/CMSIS/5.9.0/CMSIS/Core/Include
  D:/Admin/AppData/Local/Arm/Packs/Keil/STM32F1xx_DFP/2.4.0/Device/Include

<h2>Collection of Component Files used:</h2>

   * Component: ARM::CMSIS:CORE:5.6.0
Build Time Elapsed:  00:00:01
</pre>
</body>
</html>
