<html>
<body>
<pre>
<h1>µVision Build Log</h1>
<h2>Tool Versions:</h2>
IDE-Version: µVision V5.33.0.0
Copyright (C) 2020 ARM Ltd and ARM Germany GmbH. All rights reserved.
License Information: 1 2, 3, LIC=----
 
Tool Versions:
Toolchain:       MDK-Lite  Version: 5.33.0.0
Toolchain Path:  C:\Keil_v5\ARM\ARMCLANG\Bin
C Compiler:      ArmClang.exe V6.15
Assembler:       Armasm.exe V6.15
Linker/Locator:  ArmLink.exe V6.15
Library Manager: ArmAr.exe V6.15
Hex Converter:   FromElf.exe V6.15
CPU DLL:         SARMCM3.DLL V5.33.0.0
Dialog DLL:      DCM.DLL V1.17.3.0
Target DLL:      STLink\ST-LINKIII-KEIL_SWO.dll V3.0.8.0
Dialog DLL:      TCM.DLL V1.48.0.0
 
<h2>Project:</h2>
E:\DoAnChuyenNganh\design-smart-door-using-STM32\project_smart_door\MDK-ARM\project_smart_door.uvprojx
Project File Date:  11/05/2023

<h2>Output:</h2>
*** Using Compiler 'V6.15', folder: 'C:\Keil_v5\ARM\ARMCLANG\Bin'
Build target 'project_smart_door'
assembling startup_stm32f103xb.s...
compiling keypad.c...
compiling stm32f1xx_it.c...
compiling stm32f1xx_hal_msp.c...
compiling stm32f1xx_hal_gpio_ex.c...
compiling lcd.c...
../Core/Src/main.c(323): warning: passing 'char [16]' to parameter of type 'uint8_t *' (aka 'unsigned char *') converts between pointers to integer types with different sign [-Wpointer-sign]
  status = MFRC522_Request(PICC_REQIDL, str);
                                        ^~~
../Core/Inc\rc522.h(124): note: passing argument to parameter 'TagType' here
uint8_t MFRC522_Request(uint8_t reqMode, uint8_t* TagType);
                                                  ^
../Core/Src/main.c(324): warning: passing 'char [16]' to parameter of type 'uint8_t *' (aka 'unsigned char *') converts between pointers to integer types with different sign [-Wpointer-sign]
  status = MFRC522_Anticoll(str);
                            ^~~
../Core/Inc\rc522.h(126): note: passing argument to parameter 'serNum' here
uint8_t MFRC522_Anticoll(uint8_t* serNum);
                                  ^
../Core/Src/main.c(337): warning: 'sprintf' will always overflow; destination buffer has size 10, but format string expands to at least 12 [-Wfortify-source]
    sprintf(buff_uID, "%02X-%02X-%02X-%02X", serNum[0],serNum[1],serNum[2],serNum[3]);
    ^
../Core/Src/main.c(355): warning: 'sprintf' will always overflow; destination buffer has size 10, but format string expands to at least 12 [-Wfortify-source]
                sprintf(buff_uID, "%02X-%02X-%02X-%02X", key_card[0],key_card[1],key_card[2],key_card[3]);
                ^
../Core/Src/main.c(371): warning: 'sprintf' will always overflow; destination buffer has size 10, but format string expands to at least 12 [-Wfortify-source]
                sprintf(buff_uID, "%02X-%02X-%02X-%02X", key_card[4],key_card[5],key_card[6],key_card[7]);
                ^
../Core/Src/main.c(632): warning: passing 'char [16]' to parameter of type 'uint8_t *' (aka 'unsigned char *') converts between pointers to integer types with different sign [-Wpointer-sign]
  status = MFRC522_Request(PICC_REQIDL, str);
                                        ^~~
../Core/Inc\rc522.h(124): note: passing argument to parameter 'TagType' here
uint8_t MFRC522_Request(uint8_t reqMode, uint8_t* TagType);
                                                  ^
../Core/Src/main.c(633): warning: passing 'char [16]' to parameter of type 'uint8_t *' (aka 'unsigned char *') converts between pointers to integer types with different sign [-Wpointer-sign]
  status = MFRC522_Anticoll(str);
                            ^~~
../Core/Inc\rc522.h(126): note: passing argument to parameter 'serNum' here
uint8_t MFRC522_Anticoll(uint8_t* serNum);
                                  ^
../Core/Src/main.c(641): warning: 'sprintf' will always overflow; destination buffer has size 10, but format string expands to at least 12 [-Wfortify-source]
    sprintf(buff_uID, "%02X-%02X-%02X-%02X", serNum[0],serNum[1],serNum[2],serNum[3]);
    ^
8 warnings generated.
compiling main.c...
compiling rc522.c...
compiling stm32f1xx_hal.c...
compiling stm32f1xx_hal_rcc_ex.c...
compiling stm32f1xx_hal_gpio.c...
compiling stm32f1xx_hal_rcc.c...
compiling stm32f1xx_hal_cortex.c...
compiling stm32f1xx_hal_pwr.c...
compiling stm32f1xx_hal_dma.c...
compiling stm32f1xx_hal_flash.c...
compiling stm32f1xx_hal_flash_ex.c...
compiling stm32f1xx_hal_exti.c...
compiling stm32f1xx_hal_tim.c...
compiling stm32f1xx_hal_tim_ex.c...
compiling system_stm32f1xx.c...
compiling stm32f1xx_hal_spi.c...
compiling stm32f1xx_hal_i2c.c...
linking...
Program Size: Code=12634 RO-data=486 RW-data=28 ZI-data=1860  
FromELF: creating hex file...
"project_smart_door\project_smart_door.axf" - 0 Error(s), 8 Warning(s).

<h2>Software Packages used:</h2>

Package Vendor: ARM
                http://www.keil.com/pack/ARM.CMSIS.5.7.0.pack
                ARM.CMSIS.5.7.0
                CMSIS (Cortex Microcontroller Software Interface Standard)
   * Component: CORE Version: 5.4.0

Package Vendor: Keil
                http://www.keil.com/pack/Keil.STM32F1xx_DFP.2.3.0.pack
                Keil.STM32F1xx_DFP.2.3.0
                STMicroelectronics STM32F1 Series Device Support, Drivers and Examples

<h2>Collection of Component include folders:</h2>
  .\RTE\_project_smart_door
  C:\Users\longp\AppData\Local\Arm\Packs\ARM\CMSIS\5.7.0\CMSIS\Core\Include
  C:\Users\longp\AppData\Local\Arm\Packs\Keil\STM32F1xx_DFP\2.3.0\Device\Include

<h2>Collection of Component Files used:</h2>

   * Component: ARM::CMSIS:CORE:5.4.0
Build Time Elapsed:  00:00:02
</pre>
</body>
</html>
